// Jest Snapshot v1, https://goo.gl/fbAQLP

exports[`ProductForm.vue Renders correctly 1`] = `
<div
  class="p-5"
>
  <h1
    class="text-left font-semibold text-4xl pb-3"
  >
    Product Information
  </h1>
   
  <form
    class="w-full p-4 shadow-md rounded max-w-4xl"
  >
    <div
      class="flex flex-wrap -mx-3 mb-6"
    >
      <div
        class="w-full px-3 mb-6 md:mb-0"
      >
        <label
          class="block text-left uppercase tracking-wide text-gray-700 text-xs font-bold mb-2"
          for="grid-first-name"
        >
          
          Name
        
        </label>
         
        <input
          class="appearance-none block w-full bg-gray-200 text-gray-700 border rounded py-3 px-4 mb-3 leading-tight focus:outline-none focus:bg-white"
          id="name"
          placeholder="Product Name"
          type="text"
        />
         
        <!---->
      </div>
    </div>
     
    <div
      class="flex flex-wrap -mx-3 mb-6"
    >
      <div
        class="w-full md:w-1/2 px-3"
      >
        <label
          class="block text-left uppercase tracking-wide text-gray-700 text-xs font-bold mb-2"
          for="reference"
        >
          
          Reference
        
        </label>
         
        <input
          class="appearance-none block bg-gray-200 text-gray-700 border border-gray-200 rounded py-3 px-4 mb-3 leading-tight focus:outline-none focus:bg-white focus:border-gray-500"
          id="reference"
          placeholder="Reference"
          type="text"
        />
         
        <!---->
      </div>
    </div>
     
    <div
      class="flex flex-wrap -mx-3 mb-6"
    >
      <div
        class="w-full text-left md:w-1/2 px-3"
      >
        <label
          class="block uppercase tracking-wide text-gray-700 text-xs font-bold mb-2"
          for="price"
        >
          
          Price(s) DAT
        
        </label>
         
        <input
          class="appearance-none block w-xs bg-gray-200 text-gray-700 border rounded py-3 px-4 leading-tight focus:outline-none focus:bg-white"
          id="price"
          placeholder="DAT"
          type="number"
        />
         
        <!---->
      </div>
    </div>
     
    <div
      class="flex flex-wrap -mx-3 mb-6"
    >
      <div
        class="w-full md:w-1/2 px-3"
      >
        <label
          class="block text-left uppercase tracking-wide text-gray-700 text-xs font-bold mb-2"
          for="date"
        >
          
          Shipping Date
        
        </label>
         
        <input
          class="appearance-none block w-full bg-gray-200 text-gray-700 border rounded py-3 px-4 mb-3 leading-tight focus:outline-none focus:bg-white"
          id="date"
          type="date"
        />
         
        <!---->
      </div>
    </div>
     
    <div
      class="flex items-center justify-end border-t border-teal-500 py-2"
    >
      <button
        class="flex-shrink-0 mr-2 border-black border-2 text-teal-500 hover:text-black-800 text-sm py-1 px-2 rounded"
        type="button"
      >
        
        Clear
      
      </button>
       
      <button
        class="flex-shrink-0 bg-black hover:bg-teal-700 border-black hover:border-black-700 text-sm border-2 text-white py-1 px-2 rounded"
        id="create"
        type="button"
      >
        
        Create
      
      </button>
    </div>
  </form>
   
  <!---->
</div>
`;
